// Jest Snapshot v1, https://goo.gl/fbAQLP

exports[`Change Password Form should render correctly 1`] = `
<div>
  <Connect(NavigationBar) />
  <div>
    <form
      className="mx-auto app-login-form card-login"
    >
      <h4
        className="black text-center mt-5"
      >
        Change Your Password
      </h4>
      <section
        className="pt-4 input-group"
      >
        <span
          className="input-group-addon"
        >
          <i
            aria-hidden="true"
            className="fa fa-lock black"
          />
        </span>
        <input
          className="form-control old-password-input"
          name="oldPassword"
          onChange={[Function]}
          placeholder="Enter your old password"
          type="password"
          value=""
        />
      </section>
      <section
        className="pt-4 pb-3 input-group"
      >
        <span
          className="input-group-addon"
        >
          <i
            aria-hidden="true"
            className="fa fa-lock black"
          />
        </span>
        <input
          className="form-control new-password-input"
          name="password"
          onChange={[Function]}
          placeholder="Enter a new Password"
          type="password"
          value=""
        />
      </section>
      <div
        className="pt-2"
      >
        <button
          className="btn btn-block text-capitalize password-color"
          onClick={[Function]}
        >
          change Password
        </button>
      </div>
    </form>
  </div>
</div>
`;
