// Jest Snapshot v1, https://goo.gl/fbAQLP

exports[`Test for Edit User Modal Modal should render correctly 1`] = `
<Modal
  autoFocus={true}
  backdrop={true}
  backdropTransition={
    Object {
      "mountOnEnter": true,
      "timeout": 150,
    }
  }
  fade={true}
  isOpen={false}
  keyboard={true}
  modalTransition={
    Object {
      "timeout": 300,
    }
  }
  onClosed={[Function]}
  onOpened={[Function]}
  role="dialog"
  toggle={[MockFunction]}
  zIndex={1050}
>
  <ModalHeader
    className="set-align"
    closeAriaLabel="Close"
    tag="h4"
    toggle={[MockFunction]}
    wrapTag="div"
  >
    Edit A User
  </ModalHeader>
  <ModalBody
    tag="div"
  >
    <Form
      tag="form"
    >
      <FormGroup
        row={true}
        tag="div"
      >
        <Label
          for="exampleEmail"
          sm={4}
          tag="label"
          widths={
            Array [
              "xs",
              "sm",
              "md",
              "lg",
              "xl",
            ]
          }
        >
          username
        </Label>
        <Col
          sm={8}
          tag="div"
          widths={
            Array [
              "xs",
              "sm",
              "md",
              "lg",
              "xl",
            ]
          }
        >
          <Input
            className="name-field"
            id="exampleEmail"
            name="username"
            onChange={[Function]}
            placeholder="Enter the username"
            tag="p"
            type="text"
            value=""
          />
        </Col>
      </FormGroup>
      <FormGroup
        row={true}
        tag="div"
      >
        <Label
          for="exampleFile"
          sm={4}
          tag="label"
          widths={
            Array [
              "xs",
              "sm",
              "md",
              "lg",
              "xl",
            ]
          }
        >
          File
        </Label>
        <Col
          sm={8}
          tag="div"
          widths={
            Array [
              "xs",
              "sm",
              "md",
              "lg",
              "xl",
            ]
          }
        >
          <Input
            accept="image/*"
            id="exampleFile"
            name="file"
            onChange={[Function]}
            tag="p"
            type="file"
          />
          <h6 />
          <FormText
            color="muted"
            tag="small"
          />
        </Col>
      </FormGroup>
      <FormGroup
        check={true}
        row={true}
        tag="div"
      >
        <Col
          sm={
            Object {
              "offset": 2,
              "size": 10,
            }
          }
          tag="div"
          widths={
            Array [
              "xs",
              "sm",
              "md",
              "lg",
              "xl",
            ]
          }
        >
          <Button
            className="edit-user-button"
            color="secondary"
            onClick={[Function]}
            tag="button"
          >
            Edit profile
          </Button>
        </Col>
      </FormGroup>
    </Form>
  </ModalBody>
</Modal>
`;
