// Jest Snapshot v1, https://goo.gl/fbAQLP

exports[`Test for Footer should render correctly 1`] = `
<div>
  <footer
    className="bg-danger navbar-static-bottom "
    id="main-footer"
  >
    <div
      className="container"
    >
      <div
        className="row"
      >
        <div
          className="col-md-6 col-sm-12 text-center"
        >
          <div
            className="py-2 text-white"
          >
            <h1
              className="h3"
            >
              More-Recipes
            </h1>
          </div>
        </div>
        <div
          className="col-md-6 col-sm-12 text-center"
        >
          <div
            className="py-2 text-white"
          >
            <h1
              className="h6"
            >
              Andela Bootcamp cycle XXVII
            </h1>
            <p>
              Copyright Â© 2018
            </p>
          </div>
        </div>
      </div>
    </div>
  </footer>
</div>
`;
