// Jest Snapshot v1, https://goo.gl/fbAQLP

exports[`Test For reset Password Form should render correctly 1`] = `
<div>
  <Connect(NavigationBar) />
  <div
    className="container"
  >
    <div
      className="row mt-5 ml-5"
    >
      <div
        className="card "
        style={
          Object {
            "borderColor": "#ec7026",
            "marginLeft": 130,
            "width": 700,
          }
        }
      >
        <div
          className="card-body"
        >
          <h4
            className="text-center mb-5"
          >
            Enter your More-Recipes account
          </h4>
          <form
            className="form-group text-center"
          >
            <div
              className="form-group"
            >
              <p>
                Find your email address
              </p>
              <div>
                <input
                  autoFocus={true}
                  className="p-1 out"
                  name="email"
                  onChange={[Function]}
                  placeholder="enter your email"
                  style={
                    Object {
                      "borderColor": "#ff4500",
                      "borderRadius": "15px",
                      "width": 400,
                    }
                  }
                  type="text"
                  value=""
                />
              </div>
            </div>
            <button
              className="btn btn-outline ml-3 pr-3 pl-3 reset-button"
              onClick={[Function]}
              style={
                Object {
                  "backgroundColor": "#ec7026",
                  "borderRadius": 100,
                }
              }
              type="button"
            >
               Search
            </button>
          </form>
        </div>
      </div>
    </div>
  </div>
</div>
`;
