// Jest Snapshot v1, https://goo.gl/fbAQLP

exports[`Recipe Component should render correctly 1`] = `
<div
  className="col-md-4 col-xs-12 hvr-bob"
>
  <div
    className="card"
  >
    <img
      alt="recipeImage"
      className="card-img-top"
      style={
        Object {
          "height": 200,
        }
      }
    />
    <div
      className="card-body"
    >
      <h4
        className="card-title"
      >
        Rice...
      </h4>
    </div>
    <div
      className="card-body clearfix"
    >
      <div
        className="text-left text-success float-left"
      >
        <i
          aria-hidden="true"
          className="fa fa-pencil edit"
        />
        <span
          className="edit-recipe-link"
          id="clickableAwesomeFont"
          onClick={[Function]}
        >
           Edit
        </span>
        <Connect(EditRecipeModal)
          Recipe={
            Object {
              "id": 1,
              "name": "Rice",
            }
          }
          id={1}
          isOpen={false}
          toggle={[Function]}
        />
      </div>
      <div
        className="text-right container-delete text-danger float-right"
      >
        <i
          aria-hidden="true"
          className="fa fa-trash delete-btn"
        />
        <span
          className="delete"
          id="clickableAwesomeFont"
          onClick={[Function]}
        >
           Delete
        </span>
      </div>
      <Link
        replace={false}
        to="/detail/1"
      >
        <div
          className="text-center text-primary float-center"
        >
          <i
            aria-hidden="true"
            className="fa fa-eye"
          />
          <span
            className="view"
            id="clickableAwesomeFont"
          >
             View
          </span>
        </div>
      </Link>
    </div>
  </div>
</div>
`;
