// Jest Snapshot v1, https://goo.gl/fbAQLP

exports[`RecipeCard Component should render correctly 1`] = `
<div
  className="col-md-4 col-xs-12 hvr-bob"
>
  <div
    className="card"
  >
    <img
      alt="recipeImage"
      className="card-img-top"
      style={
        Object {
          "height": 200,
        }
      }
    />
    <div
      className="card-body"
    >
      <h4
        className="card-title"
      >
        Rice...
      </h4>
    </div>
    <div
      className="card-body clearfix"
    >
      <Link
        replace={false}
        to="/detail/1"
      >
        <div
          className="text-center text-primary float-center"
        >
          <i
            aria-hidden="true"
            className="fa fa-eye"
          />
          <span
            className="view"
            id="clickableAwesomeFont"
          >
            Â View
          </span>
        </div>
      </Link>
    </div>
  </div>
</div>
`;
