// Jest Snapshot v1, https://goo.gl/fbAQLP

exports[`Upvoted Recipes Component should render correctly 1`] = `
<div
  className="col-md-4 col-xs-12 hvr-bob"
>
  <div
    className="card"
  >
    <img
      alt="recipeImage"
      className="card-img-top"
      style={
        Object {
          "height": 200,
        }
      }
    />
    <div
      className="card-body"
    >
      <h4
        className="card-title"
      >
        ...
      </h4>
    </div>
    <div
      className="card-body clearfix"
    >
      <div
        className="text-left text-success float-left"
      >
        <i
          aria-hidden="true"
          className="fa fa-thumbs-up"
        />
        <span
          id="clickableAwesomeFont"
        >
           
        </span>
      </div>
      <div
        className="text-right text-danger float-right"
      >
        <i
          aria-hidden="true"
          className="fa fa-thumbs-down"
        />
        <span
          className="delete"
          id="clickableAwesomeFont"
        />
      </div>
      <Link
        replace={false}
        to="/detail/undefined"
      >
        <div
          className="text-center text-primary float-center"
        >
          <i
            aria-hidden="true"
            className="fa fa-eye"
          />
          <span
            className="view"
            id="clickableAwesomeFont"
          >
             View
          </span>
        </div>
      </Link>
    </div>
  </div>
</div>
`;
